// Jest Snapshot v1, https://goo.gl/fbAQLP

exports[`loadAnalysis fluctuation 1`] = `
Object {
  "step": 1,
  "y": Object {
    "rmsf": Object {
      "average": 0.8665,
      "data": Array [
        0.8665,
      ],
      "max": 0.8665,
      "min": 0.8665,
      "stddev": 0,
    },
  },
}
`;

exports[`loadAnalysis rgyr 1`] = `
Object {
  "step": 10,
  "y": Object {
    "rgyr": Object {
      "average": 2.67156,
      "data": Array [
        2.67156,
      ],
      "max": 2.67156,
      "min": 2.67156,
      "stddev": 0,
    },
    "rgyrx": Object {
      "average": 2.32059,
      "data": Array [
        2.32059,
      ],
      "max": 2.32059,
      "min": 2.32059,
      "stddev": 0,
    },
    "rgyry": Object {
      "average": 2.12323,
      "data": Array [
        2.12323,
      ],
      "max": 2.12323,
      "min": 2.12323,
      "stddev": 0,
    },
    "rgyrz": Object {
      "average": 2.09314,
      "data": Array [
        2.09314,
      ],
      "max": 2.09314,
      "min": 2.09314,
      "stddev": 0,
    },
  },
}
`;

exports[`loadAnalysis rmsd 1`] = `
Object {
  "step": 10,
  "y": Object {
    "rmsd": Object {
      "average": 0.0000013,
      "data": Array [
        0.0000013,
      ],
      "max": 0.0000013,
      "min": 0.0000013,
      "stddev": 0,
    },
  },
}
`;
